Archive member included to satisfy reference by file (symbol)

C:/ST/STM32CubeIDE_1.15.1/STM32CubeIDE/plugins/com.st.stm32cube.ide.mcu.externaltools.gnu-tools-for-stm32.12.3.rel1.win32_1.0.100.202403111256/tools/bin/../lib/gcc/arm-none-eabi/12.3.1/../../../../arm-none-eabi/lib/thumb/v7-m/nofp\libc_nano.a(libc_a-exit.o)
                              C:/ST/STM32CubeIDE_1.15.1/STM32CubeIDE/plugins/com.st.stm32cube.ide.mcu.externaltools.gnu-tools-for-stm32.12.3.rel1.win32_1.0.100.202403111256/tools/bin/../lib/gcc/arm-none-eabi/12.3.1/../../../../arm-none-eabi/lib/thumb/v7-m/nofp/crt0.o (exit)
C:/ST/STM32CubeIDE_1.15.1/STM32CubeIDE/plugins/com.st.stm32cube.ide.mcu.externaltools.gnu-tools-for-stm32.12.3.rel1.win32_1.0.100.202403111256/tools/bin/../lib/gcc/arm-none-eabi/12.3.1/../../../../arm-none-eabi/lib/thumb/v7-m/nofp\libc_nano.a(libc_a-findfp.o)
                              C:/ST/STM32CubeIDE_1.15.1/STM32CubeIDE/plugins/com.st.stm32cube.ide.mcu.externaltools.gnu-tools-for-stm32.12.3.rel1.win32_1.0.100.202403111256/tools/bin/../lib/gcc/arm-none-eabi/12.3.1/../../../../arm-none-eabi/lib/thumb/v7-m/nofp\libc_nano.a(libc_a-exit.o) (__stdio_exit_handler)
C:/ST/STM32CubeIDE_1.15.1/STM32CubeIDE/plugins/com.st.stm32cube.ide.mcu.externaltools.gnu-tools-for-stm32.12.3.rel1.win32_1.0.100.202403111256/tools/bin/../lib/gcc/arm-none-eabi/12.3.1/../../../../arm-none-eabi/lib/thumb/v7-m/nofp\libc_nano.a(libc_a-fwalk.o)
                              C:/ST/STM32CubeIDE_1.15.1/STM32CubeIDE/plugins/com.st.stm32cube.ide.mcu.externaltools.gnu-tools-for-stm32.12.3.rel1.win32_1.0.100.202403111256/tools/bin/../lib/gcc/arm-none-eabi/12.3.1/../../../../arm-none-eabi/lib/thumb/v7-m/nofp\libc_nano.a(libc_a-findfp.o) (_fwalk_sglue)
C:/ST/STM32CubeIDE_1.15.1/STM32CubeIDE/plugins/com.st.stm32cube.ide.mcu.externaltools.gnu-tools-for-stm32.12.3.rel1.win32_1.0.100.202403111256/tools/bin/../lib/gcc/arm-none-eabi/12.3.1/../../../../arm-none-eabi/lib/thumb/v7-m/nofp\libc_nano.a(libc_a-stdio.o)
                              C:/ST/STM32CubeIDE_1.15.1/STM32CubeIDE/plugins/com.st.stm32cube.ide.mcu.externaltools.gnu-tools-for-stm32.12.3.rel1.win32_1.0.100.202403111256/tools/bin/../lib/gcc/arm-none-eabi/12.3.1/../../../../arm-none-eabi/lib/thumb/v7-m/nofp\libc_nano.a(libc_a-findfp.o) (__sread)
C:/ST/STM32CubeIDE_1.15.1/STM32CubeIDE/plugins/com.st.stm32cube.ide.mcu.externaltools.gnu-tools-for-stm32.12.3.rel1.win32_1.0.100.202403111256/tools/bin/../lib/gcc/arm-none-eabi/12.3.1/../../../../arm-none-eabi/lib/thumb/v7-m/nofp\libc_nano.a(libc_a-memset.o)
                              C:/ST/STM32CubeIDE_1.15.1/STM32CubeIDE/plugins/com.st.stm32cube.ide.mcu.externaltools.gnu-tools-for-stm32.12.3.rel1.win32_1.0.100.202403111256/tools/bin/../lib/gcc/arm-none-eabi/12.3.1/../../../../arm-none-eabi/lib/thumb/v7-m/nofp/crt0.o (memset)
C:/ST/STM32CubeIDE_1.15.1/STM32CubeIDE/plugins/com.st.stm32cube.ide.mcu.externaltools.gnu-tools-for-stm32.12.3.rel1.win32_1.0.100.202403111256/tools/bin/../lib/gcc/arm-none-eabi/12.3.1/../../../../arm-none-eabi/lib/thumb/v7-m/nofp\libc_nano.a(libc_a-closer.o)
                              C:/ST/STM32CubeIDE_1.15.1/STM32CubeIDE/plugins/com.st.stm32cube.ide.mcu.externaltools.gnu-tools-for-stm32.12.3.rel1.win32_1.0.100.202403111256/tools/bin/../lib/gcc/arm-none-eabi/12.3.1/../../../../arm-none-eabi/lib/thumb/v7-m/nofp\libc_nano.a(libc_a-stdio.o) (_close_r)
C:/ST/STM32CubeIDE_1.15.1/STM32CubeIDE/plugins/com.st.stm32cube.ide.mcu.externaltools.gnu-tools-for-stm32.12.3.rel1.win32_1.0.100.202403111256/tools/bin/../lib/gcc/arm-none-eabi/12.3.1/../../../../arm-none-eabi/lib/thumb/v7-m/nofp\libc_nano.a(libc_a-reent.o)
                              C:/ST/STM32CubeIDE_1.15.1/STM32CubeIDE/plugins/com.st.stm32cube.ide.mcu.externaltools.gnu-tools-for-stm32.12.3.rel1.win32_1.0.100.202403111256/tools/bin/../lib/gcc/arm-none-eabi/12.3.1/../../../../arm-none-eabi/lib/thumb/v7-m/nofp\libc_nano.a(libc_a-closer.o) (errno)
C:/ST/STM32CubeIDE_1.15.1/STM32CubeIDE/plugins/com.st.stm32cube.ide.mcu.externaltools.gnu-tools-for-stm32.12.3.rel1.win32_1.0.100.202403111256/tools/bin/../lib/gcc/arm-none-eabi/12.3.1/../../../../arm-none-eabi/lib/thumb/v7-m/nofp\libc_nano.a(libc_a-impure.o)
                              C:/ST/STM32CubeIDE_1.15.1/STM32CubeIDE/plugins/com.st.stm32cube.ide.mcu.externaltools.gnu-tools-for-stm32.12.3.rel1.win32_1.0.100.202403111256/tools/bin/../lib/gcc/arm-none-eabi/12.3.1/../../../../arm-none-eabi/lib/thumb/v7-m/nofp\libc_nano.a(libc_a-reent.o) (_impure_ptr)
C:/ST/STM32CubeIDE_1.15.1/STM32CubeIDE/plugins/com.st.stm32cube.ide.mcu.externaltools.gnu-tools-for-stm32.12.3.rel1.win32_1.0.100.202403111256/tools/bin/../lib/gcc/arm-none-eabi/12.3.1/../../../../arm-none-eabi/lib/thumb/v7-m/nofp\libc_nano.a(libc_a-lseekr.o)
[...]
Memory Configuration

Name             Origin             Length             Attributes
RAM              0x20000000         0x00002800         xrw
FLASH            0x08000000         0x00008000         xr
*default*        0x00000000         0xffffffff

Linker script and memory map

LOAD C:/ST/STM32CubeIDE_1.15.1/STM32CubeIDE/plugins/com.st.stm32cube.ide.mcu.externaltools.gnu-tools-for-stm32.12.3.rel1.win32_1.0.100.202403111256/tools/bin/../lib/gcc/arm-none-eabi/12.3.1/thumb/v7-m/nofp/crti.o
LOAD C:/ST/STM32CubeIDE_1.15.1/STM32CubeIDE/plugins/com.st.stm32cube.ide.mcu.externaltools.gnu-tools-for-stm32.12.3.rel1.win32_1.0.100.202403111256/tools/bin/../lib/gcc/arm-none-eabi/12.3.1/thumb/v7-m/nofp/crtbegin.o
LOAD C:/ST/STM32CubeIDE_1.15.1/STM32CubeIDE/plugins/com.st.stm32cube.ide.mcu.externaltools.gnu-tools-for-stm32.12.3.rel1.win32_1.0.100.202403111256/tools/bin/../lib/gcc/arm-none-eabi/12.3.1/../../../../arm-none-eabi/lib/thumb/v7-m/nofp/crt0.o
LOAD ./Core/Src/input_processing.o
LOAD ./Core/Src/input_reading.o
LOAD ./Core/Src/led_display.o
LOAD ./Core/Src/main.o
LOAD ./Core/Src/stm32f1xx_hal_msp.o
LOAD ./Core/Src/stm32f1xx_it.o
LOAD ./Core/Src/syscalls.o
LOAD ./Core/Src/sysmem.o
LOAD ./Core/Src/system_stm32f1xx.o
LOAD ./Core/Src/timer.o
LOAD ./Core/Startup/startup_stm32f103c6tx.o
LOAD ./Drivers/STM32F1xx_HAL_Driver/Src/stm32f1xx_hal.o
LOAD ./Drivers/STM32F1xx_HAL_Driver/Src/stm32f1xx_hal_cortex.o
LOAD ./Drivers/STM32F1xx_HAL_Driver/Src/stm32f1xx_hal_dma.o
LOAD ./Drivers/STM32F1xx_HAL_Driver/Src/stm32f1xx_hal_exti.o
LOAD ./Drivers/STM32F1xx_HAL_Driver/Src/stm32f1xx_hal_flash.o
LOAD ./Drivers/STM32F1xx_HAL_Driver/Src/stm32f1xx_hal_flash_ex.o
LOAD ./Drivers/STM32F1xx_HAL_Driver/Src/stm32f1xx_hal_gpio.o
LOAD ./Drivers/STM32F1xx_HAL_Driver/Src/stm32f1xx_hal_gpio_ex.o
LOAD ./Drivers/STM32F1xx_HAL_Driver/Src/stm32f1xx_hal_pwr.o
LOAD ./Drivers/STM32F1xx_HAL_Driver/Src/stm32f1xx_hal_rcc.o
LOAD ./Drivers/STM32F1xx_HAL_Driver/Src/stm32f1xx_hal_rcc_ex.o
LOAD ./Drivers/STM32F1xx_HAL_Driver/Src/stm32f1xx_hal_tim.o
LOAD ./Drivers/STM32F1xx_HAL_Driver/Src/stm32f1xx_hal_tim_ex.o
START GROUP
LOAD C:/ST/STM32CubeIDE_1.15.1/STM32CubeIDE/plugins/com.st.stm32cube.ide.mcu.externaltools.gnu-tools-for-stm32.12.3.rel1.win32_1.0.100.202403111256/tools/bin/../lib/gcc/arm-none-eabi/12.3.1/../../../../arm-none-eabi/lib/thumb/v7-m/nofp\libc_nano.a
LOAD C:/ST/STM32CubeIDE_1.15.1/STM32CubeIDE/plugins/com.st.stm32cube.ide.mcu.externaltools.gnu-tools-for-stm32.12.3.rel1.win32_1.0.100.202403111256/tools/bin/../lib/gcc/arm-none-eabi/12.3.1/../../../../arm-none-eabi/lib/thumb/v7-m/nofp\libm.a
END GROUP
START GROUP
LOAD C:/ST/STM32CubeIDE_1.15.1/STM32CubeIDE/plugins/com.st.stm32cube.ide.mcu.externaltools.gnu-tools-for-stm32.12.3.rel1.win32_1.0.100.202403111256/tools/bin/../lib/gcc/arm-none-eabi/12.3.1/thumb/v7-m/nofp\libgcc.a
LOAD C:/ST/STM32CubeIDE_1.15.1/STM32CubeIDE/plugins/com.st.stm32cube.ide.mcu.externaltools.gnu-tools-for-stm32.12.3.rel1.win32_1.0.100.202403111256/tools/bin/../lib/gcc/arm-none-eabi/12.3.1/../../../../arm-none-eabi/lib/thumb/v7-m/nofp\libc_nano.a
END GROUP
START GROUP
LOAD C:/ST/STM32CubeIDE_1.15.1/STM32CubeIDE/plugins/com.st.stm32cube.ide.mcu.externaltools.gnu-tools-for-stm32.12.3.rel1.win32_1.0.100.202403111256/tools/bin/../lib/gcc/arm-none-eabi/12.3.1/thumb/v7-m/nofp\libgcc.a
LOAD C:/ST/STM32CubeIDE_1.15.1/STM32CubeIDE/plugins/com.st.stm32cube.ide.mcu.externaltools.gnu-tools-for-stm32.12.3.rel1.win32_1.0.100.202403111256/tools/bin/../lib/gcc/arm-none-eabi/12.3.1/../../../../arm-none-eabi/lib/thumb/v7-m/nofp\libc_nano.a
LOAD C:/ST/STM32CubeIDE_1.15.1/STM32CubeIDE/plugins/com.st.stm32cube.ide.mcu.externaltools.gnu-tools-for-stm32.12.3.rel1.win32_1.0.100.202403111256/tools/bin/../lib/gcc/arm-none-eabi/12.3.1/../../../../arm-none-eabi/lib/thumb/v7-m/nofp\libnosys.a
END GROUP
START GROUP
LOAD C:/ST/STM32CubeIDE_1.15.1/STM32CubeIDE/plugins/com.st.stm32cube.ide.mcu.externaltools.gnu-tools-for-stm32.12.3.rel1.win32_1.0.100.202403111256/tools/bin/../lib/gcc/arm-none-eabi/12.3.1/thumb/v7-m/nofp\libgcc.a
LOAD C:/ST/STM32CubeIDE_1.15.1/STM32CubeIDE/plugins/com.st.stm32cube.ide.mcu.externaltools.gnu-tools-for-stm32.12.3.rel1.win32_1.0.100.202403111256/tools/bin/../lib/gcc/arm-none-eabi/12.3.1/../../../../arm-none-eabi/lib/thumb/v7-m/nofp\libc_nano.a
LOAD C:/ST/STM32CubeIDE_1.15.1/STM32CubeIDE/plugins/com.st.stm32cube.ide.mcu.externaltools.gnu-tools-for-stm32.12.3.rel1.win32_1.0.100.202403111256/tools/bin/../lib/gcc/arm-none-eabi/12.3.1/../../../../arm-none-eabi/lib/thumb/v7-m/nofp\libnosys.a
END GROUP
LOAD C:/ST/STM32CubeIDE_1.15.1/STM32CubeIDE/plugins/com.st.stm32cube.ide.mcu.externaltools.gnu-tools-for-stm32.12.3.rel1.win32_1.0.100.202403111256/tools/bin/../lib/gcc/arm-none-eabi/12.3.1/thumb/v7-m/nofp/crtend.o
LOAD C:/ST/STM32CubeIDE_1.15.1/STM32CubeIDE/plugins/com.st.stm32cube.ide.mcu.externaltools.gnu-tools-for-stm32.12.3.rel1.win32_1.0.100.202403111256/tools/bin/../lib/gcc/arm-none-eabi/12.3.1/thumb/v7-m/nofp/crtn.o
                0x20002800                        _estack = (ORIGIN (RAM) + LENGTH (RAM))
                0x00000200                        _Min_Heap_Size = 0x200
                0x00000400                        _Min_Stack_Size = 0x400

.isr_vector     0x08000000      0x10c
                0x08000000                        . = ALIGN (0x4)
 *(.isr_vector)
 .isr_vector    0x08000000      0x10c ./Core/Startup/startup_stm32f103c6tx.o
                0x08000000                g_pfnVectors
                0x0800010c                        . = ALIGN (0x4)

.text           0x0800010c     0x2d20
                0x0800010c                        . = ALIGN (0x4)
 *(.text)
 .text          0x0800010c       0x40 C:/ST/STM32CubeIDE_1.15.1/STM32CubeIDE/plugins/com.st.stm32cube.ide.mcu.externaltools.gnu-tools-for-stm32.12.3.rel1.win32_1.0.100.202403111256/tools/bin/../lib/gcc/arm-none-eabi/12.3.1/thumb/v7-m/nofp/crtbegin.o
 .text          0x0800014c      0x378 C:/ST/STM32CubeIDE_1.15.1/STM32CubeIDE/plugins/com.st.stm32cube.ide.mcu.externaltools.gnu-tools-for-stm32.12.3.rel1.win32_1.0.100.202403111256/tools/bin/../lib/gcc/arm-none-eabi/12.3.1/thumb/v7-m/nofp\libgcc.a(_arm_addsubdf3.o)
                0x0800014c                __aeabi_drsub
                0x08000154                __aeabi_dsub
                0x08000154                __subdf3
                0x08000158                __aeabi_dadd
                0x08000158                __adddf3
                0x080003d0                __floatunsidf
                0x080003d0                __aeabi_ui2d
                0x080003f0                __floatsidf
                0x080003f0                __aeabi_i2d
                0x08000414                __aeabi_f2d
                0x08000414                __extendsfdf2
                0x08000458                __floatundidf
                0x08000458                __aeabi_ul2d
                0x08000468                __floatdidf
                0x08000468                __aeabi_l2d
 .text          0x080004c4       0x50 C:/ST/STM32CubeIDE_1.15.1/STM32CubeIDE/plugins/com.st.stm32cube.ide.mcu.externaltools.gnu-tools-for-stm32.12.3.rel1.win32_1.0.100.202403111256/tools/bin/../lib/gcc/arm-none-eabi/12.3.1/thumb/v7-m/nofp\libgcc.a(_arm_fixdfsi.o)
                0x080004c4                __aeabi_d2iz
                0x080004c4                __fixdfsi
 *(.text*)
 .text.increateButton
                0x08000514       0x24 ./Core/Src/input_processing.o
                0x08000514                increateButton
 .text.resetIcrCnt
                0x08000538       0x18 ./Core/Src/input_processing.o
                0x08000538                resetIcrCnt
 .text.fsm_for_input_processing
                0x08000550      0x2c4 ./Core/Src/input_processing.o
                0x08000550                fsm_for_input_processing
 .text.readButton
                0x08000814       0x5c ./Core/Src/input_reading.o
 .text.button_reading
                0x08000870       0xd0 ./Core/Src/input_reading.o
                0x08000870                button_reading
 .text.is_button_pressed
                0x08000940       0x34 ./Core/Src/input_reading.o
                0x08000940                is_button_pressed
 .text.trafficInit
                0x08000974       0x28 ./Core/Src/led_display.o
                0x08000974                trafficInit
 .text.trafficAllOff
                0x0800099c       0x84 ./Core/Src/led_display.o
                0x0800099c                trafficAllOff
 .text.trafficSetRoad
                0x08000a20       0xa4 ./Core/Src/led_display.o
                0x08000a20                trafficSetRoad
 .text.trafficModifyMode
                0x08000ac4       0xa8 ./Core/Src/led_display.o
                0x08000ac4                trafficModifyMode
 .text.displayLED7SEG_MODE
                0x08000b6c       0x80 ./Core/Src/led_display.o
                0x08000b6c                displayLED7SEG_MODE
 .text.displayLED7SEG_LR
                0x08000bec      0x108 ./Core/Src/led_display.o
                0x08000bec                displayLED7SEG_LR
 .text.displayLED7SEG_TB
                0x08000cf4      0x110 ./Core/Src/led_display.o
                0x08000cf4                displayLED7SEG_TB
 .text.trafficDisplay
                0x08000e04       0x90 ./Core/Src/led_display.o
                0x08000e04                trafficDisplay
 .text.displaySegLed
                0x08000e94       0x84 ./Core/Src/led_display.o
                0x08000e94                displaySegLed
 .text.trafficProcessing
                0x08000f18      0x16c ./Core/Src/led_display.o
                0x08000f18                trafficProcessing
 .text.blinkLed
                0x08001084       0x24 ./Core/Src/led_display.o
                0x08001084                blinkLed
 .text.initAll  0x080010a8       0x14 ./Core/Src/main.o
                0x080010a8                initAll
 .text.main     0x080010bc       0x30 ./Core/Src/main.o
                0x080010bc                main
 .text.SystemClock_Config
                0x080010ec       0x76 ./Core/Src/main.o
                0x080010ec                SystemClock_Config
 *fill*         0x08001162        0x2 
 .text.MX_TIM2_Init
                0x08001164       0x98 ./Core/Src/main.o
 .text.MX_GPIO_Init
                0x080011fc       0xc8 ./Core/Src/main.o
 .text.Error_Handler
                0x080012c4        0xc ./Core/Src/main.o
                0x080012c4                Error_Handler
 .text.HAL_MspInit
                0x080012d0       0x64 ./Core/Src/stm32f1xx_hal_msp.o
                0x080012d0                HAL_MspInit
 .text.HAL_TIM_Base_MspInit
                0x08001334       0x48 ./Core/Src/stm32f1xx_hal_msp.o
                0x08001334                HAL_TIM_Base_MspInit
 .text.NMI_Handler
                0x0800137c        0x8 ./Core/Src/stm32f1xx_it.o
                0x0800137c                NMI_Handler
 .text.HardFault_Handler
                0x08001384        0x8 ./Core/Src/stm32f1xx_it.o
                0x08001384                HardFault_Handler
 .text.MemManage_Handler
                0x0800138c        0x8 ./Core/Src/stm32f1xx_it.o
                0x0800138c                MemManage_Handler
 .text.BusFault_Handler
                0x08001394        0x8 ./Core/Src/stm32f1xx_it.o
                0x08001394                BusFault_Handler
 .text.UsageFault_Handler
                0x0800139c        0x8 ./Core/Src/stm32f1xx_it.o
                0x0800139c                UsageFault_Handler
 .text.SVC_Handler
                0x080013a4        0xc ./Core/Src/stm32f1xx_it.o
                0x080013a4                SVC_Handler
 .text.DebugMon_Handler
                0x080013b0        0xc ./Core/Src/stm32f1xx_it.o
                0x080013b0                DebugMon_Handler
 .text.PendSV_Handler
                0x080013bc        0xc ./Core/Src/stm32f1xx_it.o
                0x080013bc                PendSV_Handler
 .text.SysTick_Handler
                0x080013c8        0xc ./Core/Src/stm32f1xx_it.o
                0x080013c8                SysTick_Handler
 .text.TIM2_IRQHandler
                0x080013d4       0x14 ./Core/Src/stm32f1xx_it.o
                0x080013d4                TIM2_IRQHandler
 .text.SystemInit
                0x080013e8        0xc ./Core/Src/system_stm32f1xx.o
                0x080013e8                SystemInit
 .text.setTimer
                0x080013f4       0x4c ./Core/Src/timer.o
                0x080013f4                setTimer
 .text.timerRun
                0x08001440       0x60 ./Core/Src/timer.o
                0x08001440                timerRun
 .text.modifyRun
                0x080014a0       0x34 ./Core/Src/timer.o
                0x080014a0                modifyRun
 .text.setDurationRed
                0x080014d4       0x1c ./Core/Src/timer.o
                0x080014d4                setDurationRed
 .text.setDurationAmber
                0x080014f0       0x1c ./Core/Src/timer.o
                0x080014f0                setDurationAmber
 .text.setDurationGreen
                0x0800150c       0x1c ./Core/Src/timer.o
                0x0800150c                setDurationGreen
 .text.setFlagNormalMode
                0x08001528       0x1c ./Core/Src/timer.o
                0x08001528                setFlagNormalMode
 .text.setFlagModifyMode
                0x08001544       0x1c ./Core/Src/timer.o
                0x08001544                setFlagModifyMode
 .text.resetBlinkFlag
                0x08001560       0x34 ./Core/Src/timer.o
                0x08001560                resetBlinkFlag
 .text.getDurationRed
                0x08001594       0x14 ./Core/Src/timer.o
                0x08001594                getDurationRed
 .text.getDurationAmber
                0x080015a8       0x14 ./Core/Src/timer.o
                0x080015a8                getDurationAmber
 .text.getDurationGreen
                0x080015bc       0x14 ./Core/Src/timer.o
                0x080015bc                getDurationGreen
 .text.getTimerFlag
                0x080015d0       0x20 ./Core/Src/timer.o
                0x080015d0                getTimerFlag
 .text.getBlinkFlag
                0x080015f0       0x14 ./Core/Src/timer.o
                0x080015f0                getBlinkFlag
 .text.getTimer
                0x08001604       0x20 ./Core/Src/timer.o
                0x08001604                getTimer
 .text.initTimer
                0x08001624       0x40 ./Core/Src/timer.o
                0x08001624                initTimer
 .text.calLed   0x08001664       0x6c ./Core/Src/timer.o
                0x08001664                calLed
 .text.resetTimerAndFlag
                0x080016d0       0x28 ./Core/Src/timer.o
                0x080016d0                resetTimerAndFlag
 .text.initFlag
                0x080016f8       0x20 ./Core/Src/timer.o
                0x080016f8                initFlag
 .text.HAL_TIM_PeriodElapsedCallback
                0x08001718       0x34 ./Core/Src/timer.o
                0x08001718                HAL_TIM_PeriodElapsedCallback
 .text.Reset_Handler
                0x0800174c       0x48 ./Core/Startup/startup_stm32f103c6tx.o
                0x0800174c                Reset_Handler
 .text.Default_Handler
                0x08001794        0x2 ./Core/Startup/startup_stm32f103c6tx.o
                0x08001794                RTC_Alarm_IRQHandler
                0x08001794                EXTI2_IRQHandler
                0x08001794                TIM1_CC_IRQHandler
                0x08001794                PVD_IRQHandler
                0x08001794                EXTI3_IRQHandler
                0x08001794                EXTI0_IRQHandler
                0x08001794                ADC1_2_IRQHandler
                0x08001794                SPI1_IRQHandler
                0x08001794                TAMPER_IRQHandler
                0x08001794                DMA1_Channel4_IRQHandler
                0x08001794                RTC_IRQHandler
                0x08001794                DMA1_Channel7_IRQHandler
                0x08001794                CAN1_RX1_IRQHandler
                0x08001794                I2C1_EV_IRQHandler
                0x08001794                DMA1_Channel6_IRQHandler
                0x08001794                TIM3_IRQHandler
                0x08001794                RCC_IRQHandler
                0x08001794                TIM1_TRG_COM_IRQHandler
                0x08001794                DMA1_Channel1_IRQHandler
                0x08001794                Default_Handler
                0x08001794                EXTI15_10_IRQHandler
                0x08001794                EXTI9_5_IRQHandler
                0x08001794                DMA1_Channel5_IRQHandler
                0x08001794                EXTI4_IRQHandler
                0x08001794                USB_LP_CAN1_RX0_IRQHandler
                0x08001794                USB_HP_CAN1_TX_IRQHandler
                0x08001794                DMA1_Channel3_IRQHandler
                0x08001794                TIM1_UP_IRQHandler
                0x08001794                WWDG_IRQHandler
                0x08001794                TIM1_BRK_IRQHandler
                0x08001794                EXTI1_IRQHandler
                0x08001794                USART2_IRQHandler
                0x08001794                DMA1_Channel2_IRQHandler
                0x08001794                CAN1_SCE_IRQHandler
                0x08001794                FLASH_IRQHandler
                0x08001794                USART1_IRQHandler
                0x08001794                I2C1_ER_IRQHandler
                0x08001794                USBWakeUp_IRQHandler
 *fill*         0x08001796        0x2 
 .text.HAL_Init
                0x08001798       0x2c ./Drivers/STM32F1xx_HAL_Driver/Src/stm32f1xx_hal.o
                0x08001798                HAL_Init
 .text.HAL_InitTick
                0x080017c4       0x60 ./Drivers/STM32F1xx_HAL_Driver/Src/stm32f1xx_hal.o
                0x080017c4                HAL_InitTick
 .text.HAL_IncTick
                0x08001824       0x24 ./Drivers/STM32F1xx_HAL_Driver/Src/stm32f1xx_hal.o
                0x08001824                HAL_IncTick
 .text.HAL_GetTick
                0x08001848       0x14 ./Drivers/STM32F1xx_HAL_Driver/Src/stm32f1xx_hal.o
                0x08001848                HAL_GetTick
 .text.HAL_Delay
                0x0800185c       0x48 ./Drivers/STM32F1xx_HAL_Driver/Src/stm32f1xx_hal.o
                0x0800185c                HAL_Delay
 .text.__NVIC_SetPriorityGrouping
                0x080018a4       0x48 ./Drivers/STM32F1xx_HAL_Driver/Src/stm32f1xx_hal_cortex.o
 .text.__NVIC_GetPriorityGrouping
                0x080018ec       0x1c ./Drivers/STM32F1xx_HAL_Driver/Src/stm32f1xx_hal_cortex.o
 .text.__NVIC_EnableIRQ
                0x08001908       0x38 ./Drivers/STM32F1xx_HAL_Driver/Src/stm32f1xx_hal_cortex.o
 .text.__NVIC_SetPriority
                0x08001940       0x54 ./Drivers/STM32F1xx_HAL_Driver/Src/stm32f1xx_hal_cortex.o
 .text.NVIC_EncodePriority
                0x08001994       0x64 ./Drivers/STM32F1xx_HAL_Driver/Src/stm32f1xx_hal_cortex.o
 .text.SysTick_Config
                0x080019f8       0x44 ./Drivers/STM32F1xx_HAL_Driver/Src/stm32f1xx_hal_cortex.o
 .text.HAL_NVIC_SetPriorityGrouping
                0x08001a3c       0x16 ./Drivers/STM32F1xx_HAL_Driver/Src/stm32f1xx_hal_cortex.o
                0x08001a3c                HAL_NVIC_SetPriorityGrouping
 .text.HAL_NVIC_SetPriority
                0x08001a52       0x38 ./Drivers/STM32F1xx_HAL_Driver/Src/stm32f1xx_hal_cortex.o
                0x08001a52                HAL_NVIC_SetPriority
 .text.HAL_NVIC_EnableIRQ
                0x08001a8a       0x1c ./Drivers/STM32F1xx_HAL_Driver/Src/stm32f1xx_hal_cortex.o
                0x08001a8a                HAL_NVIC_EnableIRQ
 .text.HAL_SYSTICK_Config
                0x08001aa6       0x18 ./Drivers/STM32F1xx_HAL_Driver/Src/stm32f1xx_hal_cortex.o
                0x08001aa6                HAL_SYSTICK_Config
 *fill*         0x08001abe        0x2 
 .text.HAL_GPIO_Init
                0x08001ac0      0x2f8 ./Drivers/STM32F1xx_HAL_Driver/Src/stm32f1xx_hal_gpio.o
                0x08001ac0                HAL_GPIO_Init
 .text.HAL_GPIO_ReadPin
                0x08001db8       0x2e ./Drivers/STM32F1xx_HAL_Driver/Src/stm32f1xx_hal_gpio.o
                0x08001db8                HAL_GPIO_ReadPin
 .text.HAL_GPIO_WritePin
                0x08001de6       0x30 ./Drivers/STM32F1xx_HAL_Driver/Src/stm32f1xx_hal_gpio.o
                0x08001de6                HAL_GPIO_WritePin
 .text.HAL_GPIO_TogglePin
                0x08001e16       0x32 ./Drivers/STM32F1xx_HAL_Driver/Src/stm32f1xx_hal_gpio.o
                0x08001e16                HAL_GPIO_TogglePin
 .text.HAL_RCC_OscConfig
                0x08001e48      0x504 ./Drivers/STM32F1xx_HAL_Driver/Src/stm32f1xx_hal_rcc.o
                0x08001e48                HAL_RCC_OscConfig
 .text.HAL_RCC_ClockConfig
                0x0800234c      0x1d4 ./Drivers/STM32F1xx_HAL_Driver/Src/stm32f1xx_hal_rcc.o
                0x0800234c                HAL_RCC_ClockConfig
 .text.HAL_RCC_GetSysClockFreq
                0x08002520       0xa8 ./Drivers/STM32F1xx_HAL_Driver/Src/stm32f1xx_hal_rcc.o
                0x08002520                HAL_RCC_GetSysClockFreq
 .text.RCC_Delay
                0x080025c8       0x3c ./Drivers/STM32F1xx_HAL_Driver/Src/stm32f1xx_hal_rcc.o
 .text.HAL_TIM_Base_Init
                0x08002604       0x9e ./Drivers/STM32F1xx_HAL_Driver/Src/stm32f1xx_hal_tim.o
                0x08002604                HAL_TIM_Base_Init
 *fill*         0x080026a2        0x2 
 .text.HAL_TIM_Base_Start_IT
                0x080026a4       0x98 ./Drivers/STM32F1xx_HAL_Driver/Src/stm32f1xx_hal_tim.o
                0x080026a4                HAL_TIM_Base_Start_IT
 .text.HAL_TIM_IRQHandler
                0x0800273c      0x1e0 ./Drivers/STM32F1xx_HAL_Driver/Src/stm32f1xx_hal_tim.o
                0x0800273c                HAL_TIM_IRQHandler
 .text.HAL_TIM_ConfigClockSource
                0x0800291c      0x18e ./Drivers/STM32F1xx_HAL_Driver/Src/stm32f1xx_hal_tim.o
                0x0800291c                HAL_TIM_ConfigClockSource
 .text.HAL_TIM_OC_DelayElapsedCallback
                0x08002aaa       0x12 ./Drivers/STM32F1xx_HAL_Driver/Src/stm32f1xx_hal_tim.o
                0x08002aaa                HAL_TIM_OC_DelayElapsedCallback
 .text.HAL_TIM_IC_CaptureCallback
                0x08002abc       0x12 ./Drivers/STM32F1xx_HAL_Driver/Src/stm32f1xx_hal_tim.o
                0x08002abc                HAL_TIM_IC_CaptureCallback
 .text.HAL_TIM_PWM_PulseFinishedCallback
                0x08002ace       0x12 ./Drivers/STM32F1xx_HAL_Driver/Src/stm32f1xx_hal_tim.o
                0x08002ace                HAL_TIM_PWM_PulseFinishedCallback
 .text.HAL_TIM_TriggerCallback
                0x08002ae0       0x12 ./Drivers/STM32F1xx_HAL_Driver/Src/stm32f1xx_hal_tim.o
                0x08002ae0                HAL_TIM_TriggerCallback
 *fill*         0x08002af2        0x2 
 .text.TIM_Base_SetConfig
                0x08002af4       0xc8 ./Drivers/STM32F1xx_HAL_Driver/Src/stm32f1xx_hal_tim.o
                0x08002af4                TIM_Base_SetConfig
 .text.TIM_TI1_ConfigInputStage
                0x08002bbc       0x5c ./Drivers/STM32F1xx_HAL_Driver/Src/stm32f1xx_hal_tim.o
 .text.TIM_TI2_ConfigInputStage
                0x08002c18       0x5e ./Drivers/STM32F1xx_HAL_Driver/Src/stm32f1xx_hal_tim.o
 .text.TIM_ITRx_SetConfig
                0x08002c76       0x34 ./Drivers/STM32F1xx_HAL_Driver/Src/stm32f1xx_hal_tim.o
 .text.TIM_ETR_SetConfig
                0x08002caa       0x3e ./Drivers/STM32F1xx_HAL_Driver/Src/stm32f1xx_hal_tim.o
                0x08002caa                TIM_ETR_SetConfig
 .text.HAL_TIMEx_MasterConfigSynchronization
                0x08002ce8       0xb0 ./Drivers/STM32F1xx_HAL_Driver/Src/stm32f1xx_hal_tim_ex.o
                0x08002ce8                HAL_TIMEx_MasterConfigSynchronization
 .text.HAL_TIMEx_CommutCallback
                0x08002d98       0x12 ./Drivers/STM32F1xx_HAL_Driver/Src/stm32f1xx_hal_tim_ex.o
                0x08002d98                HAL_TIMEx_CommutCallback
 .text.HAL_TIMEx_BreakCallback
                0x08002daa       0x12 ./Drivers/STM32F1xx_HAL_Driver/Src/stm32f1xx_hal_tim_ex.o
                0x08002daa                HAL_TIMEx_BreakCallback
 .text.memset   0x08002dbc       0x10 C:/ST/STM32CubeIDE_1.15.1/STM32CubeIDE/plugins/com.st.stm32cube.ide.mcu.externaltools.gnu-tools-for-stm32.12.3.rel1.win32_1.0.100.202403111256/tools/bin/../lib/gcc/arm-none-eabi/12.3.1/../../../../arm-none-eabi/lib/thumb/v7-m/nofp\libc_nano.a(libc_a-memset.o)
                0x08002dbc                memset
 .text.__libc_init_array
                0x08002dcc       0x48 C:/ST/STM32CubeIDE_1.15.1/STM32CubeIDE/plugins/com.st.stm32cube.ide.mcu.externaltools.gnu-tools-for-stm32.12.3.rel1.win32_1.0.100.202403111256/tools/bin/../lib/gcc/arm-none-eabi/12.3.1/../../../../arm-none-eabi/lib/thumb/v7-m/nofp\libc_nano.a(libc_a-init.o)
                0x08002dcc                __libc_init_array
 *(.glue_7)
 .glue_7        0x08002e14        0x0 linker stubs
 *(.glue_7t)
 .glue_7t       0x08002e14        0x0 linker stubs
 *(.eh_frame)
 .eh_frame      0x08002e14        0x0 C:/ST/STM32CubeIDE_1.15.1/STM32CubeIDE/plugins/com.st.stm32cube.ide.mcu.externaltools.gnu-tools-for-stm32.12.3.rel1.win32_1.0.100.202403111256/tools/bin/../lib/gcc/arm-none-eabi/12.3.1/thumb/v7-m/nofp/crtbegin.o
 *(.init)
 .init          0x08002e14        0x4 C:/ST/STM32CubeIDE_1.15.1/STM32CubeIDE/plugins/com.st.stm32cube.ide.mcu.externaltools.gnu-tools-for-stm32.12.3.rel1.win32_1.0.100.202403111256/tools/bin/../lib/gcc/arm-none-eabi/12.3.1/thumb/v7-m/nofp/crti.o
                0x08002e14                _init
 .init          0x08002e18        0x8 C:/ST/STM32CubeIDE_1.15.1/STM32CubeIDE/plugins/com.st.stm32cube.ide.mcu.externaltools.gnu-tools-for-stm32.12.3.rel1.win32_1.0.100.202403111256/tools/bin/../lib/gcc/arm-none-eabi/12.3.1/thumb/v7-m/nofp/crtn.o
 *(.fini)
 .fini          0x08002e20        0x4 C:/ST/STM32CubeIDE_1.15.1/STM32CubeIDE/plugins/com.st.stm32cube.ide.mcu.externaltools.gnu-tools-for-stm32.12.3.rel1.win32_1.0.100.202403111256/tools/bin/../lib/gcc/arm-none-eabi/12.3.1/thumb/v7-m/nofp/crti.o
                0x08002e20                _fini
 .fini          0x08002e24        0x8 C:/ST/STM32CubeIDE_1.15.1/STM32CubeIDE/plugins/com.st.stm32cube.ide.mcu.externaltools.gnu-tools-for-stm32.12.3.rel1.win32_1.0.100.202403111256/tools/bin/../lib/gcc/arm-none-eabi/12.3.1/thumb/v7-m/nofp/crtn.o
                0x08002e2c                        . = ALIGN (0x4)
                0x08002e2c                        _etext = .

.vfp11_veneer   0x08002e2c        0x0
 .vfp11_veneer  0x08002e2c        0x0 linker stubs

.v4_bx          0x08002e2c        0x0
 .v4_bx         0x08002e2c        0x0 linker stubs

.iplt           0x08002e2c        0x0
 .iplt          0x08002e2c        0x0 C:/ST/STM32CubeIDE_1.15.1/STM32CubeIDE/plugins/com.st.stm32cube.ide.mcu.externaltools.gnu-tools-for-stm32.12.3.rel1.win32_1.0.100.202403111256/tools/bin/../lib/gcc/arm-none-eabi/12.3.1/thumb/v7-m/nofp/crtbegin.o

.rodata         0x08002e2c       0x3c
                0x08002e2c                        . = ALIGN (0x4)
 *(.rodata)
 *(.rodata*)
 .rodata.RED_GPIO
                0x08002e2c        0x8 ./Core/Src/led_display.o
 .rodata.AMB_GPIO
                0x08002e34        0x8 ./Core/Src/led_display.o
 .rodata.GRN_GPIO
                0x08002e3c        0x8 ./Core/Src/led_display.o
 .rodata.AHBPrescTable
                0x08002e44       0x10 ./Core/Src/system_stm32f1xx.o
                0x08002e44                AHBPrescTable
 .rodata.aPLLMULFactorTable.1
                0x08002e54       0x10 ./Drivers/STM32F1xx_HAL_Driver/Src/stm32f1xx_hal_rcc.o
 .rodata.aPredivFactorTable.0
                0x08002e64        0x2 ./Drivers/STM32F1xx_HAL_Driver/Src/stm32f1xx_hal_rcc.o
                0x08002e68                        . = ALIGN (0x4)
 *fill*         0x08002e66        0x2 

.ARM.extab      0x08002e68        0x0
                0x08002e68                        . = ALIGN (0x4)
 *(.ARM.extab* .gnu.linkonce.armextab.*)
                0x08002e68                        . = ALIGN (0x4)

.ARM            0x08002e68        0x0
                0x08002e68                        . = ALIGN (0x4)
                0x08002e68                        __exidx_start = .
 *(.ARM.exidx*)
                0x08002e68                        __exidx_end = .
                0x08002e68                        . = ALIGN (0x4)

.preinit_array  0x08002e68        0x0
                0x08002e68                        . = ALIGN (0x4)
                0x08002e68                        PROVIDE (__preinit_array_start = .)
 *(.preinit_array*)
                0x08002e68                        PROVIDE (__preinit_array_end = .)
                0x08002e68                        . = ALIGN (0x4)

.init_array     0x08002e68        0x4
                0x08002e68                        . = ALIGN (0x4)
                0x08002e68                        PROVIDE (__init_array_start = .)
 *(SORT_BY_NAME(.init_array.*))
 *(.init_array*)
 .init_array    0x08002e68        0x4 C:/ST/STM32CubeIDE_1.15.1/STM32CubeIDE/plugins/com.st.stm32cube.ide.mcu.externaltools.gnu-tools-for-stm32.12.3.rel1.win32_1.0.100.202403111256/tools/bin/../lib/gcc/arm-none-eabi/12.3.1/thumb/v7-m/nofp/crtbegin.o
                0x08002e6c                        PROVIDE (__init_array_end = .)
                0x08002e6c                        . = ALIGN (0x4)

.fini_array     0x08002e6c        0x4
                0x08002e6c                        . = ALIGN (0x4)
                [!provide]                        PROVIDE (__fini_array_start = .)
 *(SORT_BY_NAME(.fini_array.*))
 *(.fini_array*)
 .fini_array    0x08002e6c        0x4 C:/ST/STM32CubeIDE_1.15.1/STM32CubeIDE/plugins/com.st.stm32cube.ide.mcu.externaltools.gnu-tools-for-stm32.12.3.rel1.win32_1.0.100.202403111256/tools/bin/../lib/gcc/arm-none-eabi/12.3.1/thumb/v7-m/nofp/crtbegin.o
                [!provide]                        PROVIDE (__fini_array_end = .)
                0x08002e70                        . = ALIGN (0x4)
                0x08002e70                        _sidata = LOADADDR (.data)

.rel.dyn        0x08002e70        0x0
 .rel.iplt      0x08002e70        0x0 C:/ST/STM32CubeIDE_1.15.1/STM32CubeIDE/plugins/com.st.stm32cube.ide.mcu.externaltools.gnu-tools-for-stm32.12.3.rel1.win32_1.0.100.202403111256/tools/bin/../lib/gcc/arm-none-eabi/12.3.1/thumb/v7-m/nofp/crtbegin.o

.data           0x20000000       0x3c load address 0x08002e70
                0x20000000                        . = ALIGN (0x4)
                0x20000000                        _sdata = .
 *(.data)
 *(.data*)
 .data.increaseCounter
                0x20000000        0x4 ./Core/Src/input_processing.o
                0x20000000                increaseCounter
 .data.buttonBuffer
                0x20000004        0x3 ./Core/Src/input_reading.o
 *fill*         0x20000007        0x1 
 .data.debounceButtonBuffer1
                0x20000008        0x3 ./Core/Src/input_reading.o
 *fill*         0x2000000b        0x1 
 .data.debounceButtonBuffer2
                0x2000000c        0x3 ./Core/Src/input_reading.o
 *fill*         0x2000000f        0x1 
 .data.RED_PIN  0x20000010        0x4 ./Core/Src/led_display.o
 .data.AMB_PIN  0x20000014        0x4 ./Core/Src/led_display.o
 .data.GRN_PIN  0x20000018        0x4 ./Core/Src/led_display.o
 .data.SystemCoreClock
                0x2000001c        0x4 ./Core/Src/system_stm32f1xx.o
                0x2000001c                SystemCoreClock
 .data.TIMER_CYCLE
                0x20000020        0x4 ./Core/Src/timer.o
                0x20000020                TIMER_CYCLE
 .data.redDuration
                0x20000024        0x4 ./Core/Src/timer.o
                0x20000024                redDuration
 .data.amberDuration
                0x20000028        0x4 ./Core/Src/timer.o
                0x20000028                amberDuration
 .data.greenDuration
                0x2000002c        0x4 ./Core/Src/timer.o
                0x2000002c                greenDuration
 .data.blinkDuration
                0x20000030        0x4 ./Core/Src/timer.o
                0x20000030                blinkDuration
 .data.uwTickPrio
                0x20000034        0x4 ./Drivers/STM32F1xx_HAL_Driver/Src/stm32f1xx_hal.o
                0x20000034                uwTickPrio
 .data.uwTickFreq
                0x20000038        0x1 ./Drivers/STM32F1xx_HAL_Driver/Src/stm32f1xx_hal.o
                0x20000038                uwTickFreq
 *(.RamFunc)
 *(.RamFunc*)
                0x2000003c                        . = ALIGN (0x4)
 *fill*         0x20000039        0x3 
                0x2000003c                        _edata = .

.igot.plt       0x2000003c        0x0 load address 0x08002eac
 .igot.plt      0x2000003c        0x0 C:/ST/STM32CubeIDE_1.15.1/STM32CubeIDE/plugins/com.st.stm32cube.ide.mcu.externaltools.gnu-tools-for-stm32.12.3.rel1.win32_1.0.100.202403111256/tools/bin/../lib/gcc/arm-none-eabi/12.3.1/thumb/v7-m/nofp/crtbegin.o
                0x2000003c                        . = ALIGN (0x4)

.bss            0x2000003c       0xac load address 0x08002eac
                0x2000003c                        _sbss = .
                0x2000003c                        __bss_start__ = _sbss
 *(.bss)
 .bss           0x2000003c       0x1c C:/ST/STM32CubeIDE_1.15.1/STM32CubeIDE/plugins/com.st.stm32cube.ide.mcu.externaltools.gnu-tools-for-stm32.12.3.rel1.win32_1.0.100.202403111256/tools/bin/../lib/gcc/arm-none-eabi/12.3.1/thumb/v7-m/nofp/crtbegin.o
 *(.bss*)
 .bss.currMode  0x20000058        0x1 ./Core/Src/input_processing.o
 *fill*         0x20000059        0x3 
 .bss.buttonPrevState
                0x2000005c        0x3 ./Core/Src/input_processing.o
 *fill*         0x2000005f        0x1 
 .bss.buttonCurrState
                0x20000060        0x3 ./Core/Src/input_processing.o
 *fill*         0x20000063        0x1 
 .bss.flagForButtonPress1s
                0x20000064        0x3 ./Core/Src/input_reading.o
 *fill*         0x20000067        0x1 
 .bss.counterForButtonPress1s
                0x20000068        0x6 ./Core/Src/input_reading.o
 *fill*         0x2000006e        0x2 
 .bss.trafficState
                0x20000070        0x2 ./Core/Src/led_display.o
                0x20000070                trafficState
 *fill*         0x20000072        0x2 
 .bss.displayNum
                0x20000074        0x8 ./Core/Src/led_display.o
                0x20000074                displayNum
 .bss.htim2     0x2000007c       0x48 ./Core/Src/main.o
                0x2000007c                htim2
 .bss.flagNormalMode
                0x200000c4        0x4 ./Core/Src/timer.o
                0x200000c4                flagNormalMode
 .bss.flagModifyMode
                0x200000c8        0x4 ./Core/Src/timer.o
                0x200000c8                flagModifyMode
 .bss.blinkTimer
                0x200000cc        0x4 ./Core/Src/timer.o
                0x200000cc                blinkTimer
 .bss.timer     0x200000d0        0x8 ./Core/Src/timer.o
                0x200000d0                timer
 .bss.timerFlag
                0x200000d8        0x8 ./Core/Src/timer.o
                0x200000d8                timerFlag
 .bss.blinkFlag
                0x200000e0        0x4 ./Core/Src/timer.o
                0x200000e0                blinkFlag
 .bss.uwTick    0x200000e4        0x4 ./Drivers/STM32F1xx_HAL_Driver/Src/stm32f1xx_hal.o
                0x200000e4                uwTick
 *(COMMON)
                0x200000e8                        . = ALIGN (0x4)
                0x200000e8                        _ebss = .
                0x200000e8                        __bss_end__ = _ebss

._user_heap_stack
                0x200000e8      0x600 load address 0x08002eac
                0x200000e8                        . = ALIGN (0x8)
                [!provide]                        PROVIDE (end = .)
                0x200000e8                        PROVIDE (_end = .)
                0x200002e8                        . = (. + _Min_Heap_Size)
 *fill*         0x200000e8      0x200 
                0x200006e8                        . = (. + _Min_Stack_Size)
 *fill*         0x200002e8      0x400 
                0x200006e8                        . = ALIGN (0x8)

/DISCARD/
 libc.a(*)
 libm.a(*)
 libgcc.a(*)

.ARM.attributes
                0x00000000       0x29
 *(.ARM.attributes)
 .ARM.attributes
                0x00000000       0x1d C:/ST/STM32CubeIDE_1.15.1/STM32CubeIDE/plugins/com.st.stm32cube.ide.mcu.externaltools.gnu-tools-for-stm32.12.3.rel1.win32_1.0.100.202403111256/tools/bin/../lib/gcc/arm-none-eabi/12.3.1/thumb/v7-m/nofp/crti.o
 .ARM.attributes
                0x0000001d       0x2d C:/ST/STM32CubeIDE_1.15.1/STM32CubeIDE/plugins/com.st.stm32cube.ide.mcu.externaltools.gnu-tools-for-stm32.12.3.rel1.win32_1.0.100.202403111256/tools/bin/../lib/gcc/arm-none-eabi/12.3.1/thumb/v7-m/nofp/crtbegin.o
 .ARM.attributes
                0x0000004a       0x2d ./Core/Src/input_processing.o
 .ARM.attributes
                0x00000077       0x2d ./Core/Src/input_reading.o
 .ARM.attributes
                0x000000a4       0x2d ./Core/Src/led_display.o
 .ARM.attributes
                0x000000d1       0x2d ./Core/Src/main.o
 .ARM.attributes
                0x000000fe       0x2d ./Core/Src/stm32f1xx_hal_msp.o
 .ARM.attributes
                0x0000012b       0x2d ./Core/Src/stm32f1xx_it.o
 .ARM.attributes
                0x00000158       0x2d ./Core/Src/system_stm32f1xx.o
 .ARM.attributes
                0x00000185       0x2d ./Core/Src/timer.o
 .ARM.attributes
                0x000001b2       0x21 ./Core/Startup/startup_stm32f103c6tx.o
 .ARM.attributes
                0x000001d3       0x2d ./Drivers/STM32F1xx_HAL_Driver/Src/stm32f1xx_hal.o
 .ARM.attributes
                0x00000200       0x2d ./Drivers/STM32F1xx_HAL_Driver/Src/stm32f1xx_hal_cortex.o
 .ARM.attributes
                0x0000022d       0x2d ./Drivers/STM32F1xx_HAL_Driver/Src/stm32f1xx_hal_gpio.o
 .ARM.attributes
                0x0000025a       0x2d ./Drivers/STM32F1xx_HAL_Driver/Src/stm32f1xx_hal_rcc.o
 .ARM.attributes
                0x00000287       0x2d ./Drivers/STM32F1xx_HAL_Driver/Src/stm32f1xx_hal_tim.o
 .ARM.attributes
                0x000002b4       0x2d ./Drivers/STM32F1xx_HAL_Driver/Src/stm32f1xx_hal_tim_ex.o
 .ARM.attributes
                0x000002e1       0x2d C:/ST/STM32CubeIDE_1.15.1/STM32CubeIDE/plugins/com.st.stm32cube.ide.mcu.externaltools.gnu-tools-for-stm32.12.3.rel1.win32_1.0.100.202403111256/tools/bin/../lib/gcc/arm-none-eabi/12.3.1/../../../../arm-none-eabi/lib/thumb/v7-m/nofp\libc_nano.a(libc_a-memset.o)
 .ARM.attributes
                0x0000030e       0x2d C:/ST/STM32CubeIDE_1.15.1/STM32CubeIDE/plugins/com.st.stm32cube.ide.mcu.externaltools.gnu-tools-for-stm32.12.3.rel1.win32_1.0.100.202403111256/tools/bin/../lib/gcc/arm-none-eabi/12.3.1/../../../../arm-none-eabi/lib/thumb/v7-m/nofp\libc_nano.a(libc_a-init.o)
 .ARM.attributes
                0x0000033b       0x1d C:/ST/STM32CubeIDE_1.15.1/STM32CubeIDE/plugins/com.st.stm32cube.ide.mcu.externaltools.gnu-tools-for-stm32.12.3.rel1.win32_1.0.100.202403111256/tools/bin/../lib/gcc/arm-none-eabi/12.3.1/thumb/v7-m/nofp\libgcc.a(_arm_addsubdf3.o)
 .ARM.attributes
                0x00000358       0x1d C:/ST/STM32CubeIDE_1.15.1/STM32CubeIDE/plugins/com.st.stm32cube.ide.mcu.externaltools.gnu-tools-for-stm32.12.3.rel1.win32_1.0.100.202403111256/tools/bin/../lib/gcc/arm-none-eabi/12.3.1/thumb/v7-m/nofp\libgcc.a(_arm_fixdfsi.o)
 .ARM.attributes
                0x00000375       0x1d C:/ST/STM32CubeIDE_1.15.1/STM32CubeIDE/plugins/com.st.stm32cube.ide.mcu.externaltools.gnu-tools-for-stm32.12.3.rel1.win32_1.0.100.202403111256/tools/bin/../lib/gcc/arm-none-eabi/12.3.1/thumb/v7-m/nofp/crtn.o
OUTPUT(VXL_LAB_01.elf elf32-littlearm)
LOAD linker stubs
LOAD C:/ST/STM32CubeIDE_1.15.1/STM32CubeIDE/plugins/com.st.stm32cube.ide.mcu.externaltools.gnu-tools-for-stm32.12.3.rel1.win32_1.0.100.202403111256/tools/bin/../lib/gcc/arm-none-eabi/12.3.1/../../../../arm-none-eabi/lib/thumb/v7-m/nofp\libc.a
LOAD C:/ST/STM32CubeIDE_1.15.1/STM32CubeIDE/plugins/com.st.stm32cube.ide.mcu.externaltools.gnu-tools-for-stm32.12.3.rel1.win32_1.0.100.202403111256/tools/bin/../lib/gcc/arm-none-eabi/12.3.1/../../../../arm-none-eabi/lib/thumb/v7-m/nofp\libm.a
LOAD C:/ST/STM32CubeIDE_1.15.1/STM32CubeIDE/plugins/com.st.stm32cube.ide.mcu.externaltools.gnu-tools-for-stm32.12.3.rel1.win32_1.0.100.202403111256/tools/bin/../lib/gcc/arm-none-eabi/12.3.1/thumb/v7-m/nofp\libgcc.a

.debug_info     0x00000000     0x8de7
 .debug_info    0x00000000      0x25e ./Core/Src/input_processing.o
 .debug_info    0x0000025e      0x29b ./Core/Src/input_reading.o
 .debug_info    0x000004f9      0x54e ./Core/Src/led_display.o
 .debug_info    0x00000a47      0xb71 ./Core/Src/main.o
 .debug_info    0x000015b8      0x91a ./Core/Src/stm32f1xx_hal_msp.o
 .debug_info    0x00001ed2      0x6a1 ./Core/Src/stm32f1xx_it.o
 .debug_info    0x00002573      0x222 ./Core/Src/system_stm32f1xx.o
 .debug_info    0x00002795      0x95f ./Core/Src/timer.o
 .debug_info    0x000030f4       0x30 ./Core/Startup/startup_stm32f103c6tx.o
 .debug_info    0x00003124      0x6e6 ./Drivers/STM32F1xx_HAL_Driver/Src/stm32f1xx_hal.o
 .debug_info    0x0000380a      0xa69 ./Drivers/STM32F1xx_HAL_Driver/Src/stm32f1xx_hal_cortex.o
 .debug_info    0x00004273      0x5ab ./Drivers/STM32F1xx_HAL_Driver/Src/stm32f1xx_hal_gpio.o
 .debug_info    0x0000481e      0x7d5 ./Drivers/STM32F1xx_HAL_Driver/Src/stm32f1xx_hal_rcc.o
 .debug_info    0x00004ff3     0x2959 ./Drivers/STM32F1xx_HAL_Driver/Src/stm32f1xx_hal_tim.o
 .debug_info    0x0000794c     0x149b ./Drivers/STM32F1xx_HAL_Driver/Src/stm32f1xx_hal_tim_ex.o

.debug_abbrev   0x00000000     0x1ccf
 .debug_abbrev  0x00000000      0x13d ./Core/Src/input_processing.o
 .debug_abbrev  0x0000013d      0x17e ./Core/Src/input_reading.o
 .debug_abbrev  0x000002bb      0x1e5 ./Core/Src/led_display.o
 .debug_abbrev  0x000004a0      0x299 ./Core/Src/main.o
 .debug_abbrev  0x00000739      0x1ad ./Core/Src/stm32f1xx_hal_msp.o
 .debug_abbrev  0x000008e6      0x191 ./Core/Src/stm32f1xx_it.o
 .debug_abbrev  0x00000a77      0x13f ./Core/Src/system_stm32f1xx.o
 .debug_abbrev  0x00000bb6      0x286 ./Core/Src/timer.o
 .debug_abbrev  0x00000e3c       0x24 ./Core/Startup/startup_stm32f103c6tx.o
 .debug_abbrev  0x00000e60      0x201 ./Drivers/STM32F1xx_HAL_Driver/Src/stm32f1xx_hal.o
 .debug_abbrev  0x00001061      0x2f8 ./Drivers/STM32F1xx_HAL_Driver/Src/stm32f1xx_hal_cortex.o
 .debug_abbrev  0x00001359      0x1ca ./Drivers/STM32F1xx_HAL_Driver/Src/stm32f1xx_hal_gpio.o
 .debug_abbrev  0x00001523      0x2b3 ./Drivers/STM32F1xx_HAL_Driver/Src/stm32f1xx_hal_rcc.o
 .debug_abbrev  0x000017d6      0x277 ./Drivers/STM32F1xx_HAL_Driver/Src/stm32f1xx_hal_tim.o
 .debug_abbrev  0x00001a4d      0x282 ./Drivers/STM32F1xx_HAL_Driver/Src/stm32f1xx_hal_tim_ex.o

.debug_aranges  0x00000000      0xac8
 .debug_aranges
                0x00000000       0x30 ./Core/Src/input_processing.o
 .debug_aranges
                0x00000030       0x38 ./Core/Src/input_reading.o
 .debug_aranges
                0x00000068       0x70 ./Core/Src/led_display.o
 .debug_aranges
                0x000000d8       0x48 ./Core/Src/main.o
 .debug_aranges
                0x00000120       0x30 ./Core/Src/stm32f1xx_hal_msp.o
 .debug_aranges
                0x00000150       0x68 ./Core/Src/stm32f1xx_it.o
 .debug_aranges
                0x000001b8       0x28 ./Core/Src/system_stm32f1xx.o
 .debug_aranges
                0x000001e0       0xc0 ./Core/Src/timer.o
 .debug_aranges
                0x000002a0       0x28 ./Core/Startup/startup_stm32f103c6tx.o
 .debug_aranges
                0x000002c8       0xe0 ./Drivers/STM32F1xx_HAL_Driver/Src/stm32f1xx_hal.o
 .debug_aranges
                0x000003a8      0x100 ./Drivers/STM32F1xx_HAL_Driver/Src/stm32f1xx_hal_cortex.o
 .debug_aranges
                0x000004a8       0x58 ./Drivers/STM32F1xx_HAL_Driver/Src/stm32f1xx_hal_gpio.o
 .debug_aranges
                0x00000500       0x90 ./Drivers/STM32F1xx_HAL_Driver/Src/stm32f1xx_hal_rcc.o
 .debug_aranges
                0x00000590      0x3d0 ./Drivers/STM32F1xx_HAL_Driver/Src/stm32f1xx_hal_tim.o
 .debug_aranges
                0x00000960      0x168 ./Drivers/STM32F1xx_HAL_Driver/Src/stm32f1xx_hal_tim_ex.o

.debug_rnglists
                0x00000000      0x83f
 .debug_rnglists
                0x00000000       0x20 ./Core/Src/input_processing.o
 .debug_rnglists
                0x00000020       0x26 ./Core/Src/input_reading.o
 .debug_rnglists
                0x00000046       0x58 ./Core/Src/led_display.o
 .debug_rnglists
                0x0000009e       0x33 ./Core/Src/main.o
 .debug_rnglists
                0x000000d1       0x1f ./Core/Src/stm32f1xx_hal_msp.o
 .debug_rnglists
                0x000000f0       0x49 ./Core/Src/stm32f1xx_it.o
 .debug_rnglists
                0x00000139       0x1a ./Core/Src/system_stm32f1xx.o
 .debug_rnglists
                0x00000153       0x8b ./Core/Src/timer.o
 .debug_rnglists
                0x000001de       0x19 ./Core/Startup/startup_stm32f103c6tx.o
 .debug_rnglists
                0x000001f7       0xa3 ./Drivers/STM32F1xx_HAL_Driver/Src/stm32f1xx_hal.o
 .debug_rnglists
                0x0000029a       0xbb ./Drivers/STM32F1xx_HAL_Driver/Src/stm32f1xx_hal_cortex.o
 .debug_rnglists
                0x00000355       0x3f ./Drivers/STM32F1xx_HAL_Driver/Src/stm32f1xx_hal_gpio.o
 .debug_rnglists
                0x00000394       0x6c ./Drivers/STM32F1xx_HAL_Driver/Src/stm32f1xx_hal_rcc.o
 .debug_rnglists
                0x00000400      0x31a ./Drivers/STM32F1xx_HAL_Driver/Src/stm32f1xx_hal_tim.o
 .debug_rnglists
                0x0000071a      0x125 ./Drivers/STM32F1xx_HAL_Driver/Src/stm32f1xx_hal_tim_ex.o

.debug_macro    0x00000000    0x17484
 .debug_macro   0x00000000      0x1c9 ./Core/Src/input_processing.o
 .debug_macro   0x000001c9      0xaa8 ./Core/Src/input_processing.o
 .debug_macro   0x00000c71      0x215 ./Core/Src/input_processing.o
 .debug_macro   0x00000e86       0x2e ./Core/Src/input_processing.o
 .debug_macro   0x00000eb4       0x22 ./Core/Src/input_processing.o
 .debug_macro   0x00000ed6       0x22 ./Core/Src/input_processing.o
 .debug_macro   0x00000ef8       0x8e ./Core/Src/input_processing.o
 .debug_macro   0x00000f86       0x51 ./Core/Src/input_processing.o
 .debug_macro   0x00000fd7      0x103 ./Core/Src/input_processing.o
 .debug_macro   0x000010da       0x6a ./Core/Src/input_processing.o
 .debug_macro   0x00001144      0x1df ./Core/Src/input_processing.o
 .debug_macro   0x00001323       0x1c ./Core/Src/input_processing.o
 .debug_macro   0x0000133f       0x22 ./Core/Src/input_processing.o
 .debug_macro   0x00001361       0xbd ./Core/Src/input_processing.o
 .debug_macro   0x0000141e      0xd23 ./Core/Src/input_processing.o
 .debug_macro   0x00002141     0xde75 ./Core/Src/input_processing.o
 .debug_macro   0x0000ffb6       0x6d ./Core/Src/input_processing.o
 .debug_macro   0x00010023     0x34a2 ./Core/Src/input_processing.o
 .debug_macro   0x000134c5      0x189 ./Core/Src/input_processing.o
 .debug_macro   0x0001364e       0x5c ./Core/Src/input_processing.o
 .debug_macro   0x000136aa      0x5bc ./Core/Src/input_processing.o
 .debug_macro   0x00013c66      0x1b7 ./Core/Src/input_processing.o
 .debug_macro   0x00013e1d      0x1cb ./Core/Src/input_processing.o
 .debug_macro   0x00013fe8      0x114 ./Core/Src/input_processing.o
 .debug_macro   0x000140fc      0x1b2 ./Core/Src/input_processing.o
 .debug_macro   0x000142ae       0x27 ./Core/Src/input_processing.o
 .debug_macro   0x000142d5      0x12f ./Core/Src/input_processing.o
 .debug_macro   0x00014404      0x1bc ./Core/Src/input_processing.o
 .debug_macro   0x000145c0       0x34 ./Core/Src/input_processing.o
 .debug_macro   0x000145f4       0x3c ./Core/Src/input_processing.o
 .debug_macro   0x00014630       0x57 ./Core/Src/input_processing.o
 .debug_macro   0x00014687       0x87 ./Core/Src/input_processing.o
 .debug_macro   0x0001470e      0x183 ./Core/Src/input_processing.o
 .debug_macro   0x00014891      0x140 ./Core/Src/input_processing.o
 .debug_macro   0x000149d1      0x8ed ./Core/Src/input_processing.o
 .debug_macro   0x000152be       0x69 ./Core/Src/input_processing.o
 .debug_macro   0x00015327      0x160 ./Core/Src/input_processing.o
 .debug_macro   0x00015487       0x10 ./Core/Src/input_processing.o
 .debug_macro   0x00015497      0x1be ./Core/Src/input_reading.o
 .debug_macro   0x00015655      0x264 ./Core/Src/led_display.o
 .debug_macro   0x000158b9       0x61 ./Core/Src/led_display.o
 .debug_macro   0x0001591a       0x24 ./Core/Src/led_display.o
 .debug_macro   0x0001593e       0x43 ./Core/Src/led_display.o
 .debug_macro   0x00015981       0x34 ./Core/Src/led_display.o
 .debug_macro   0x000159b5       0x16 ./Core/Src/led_display.o
 .debug_macro   0x000159cb       0x43 ./Core/Src/led_display.o
 .debug_macro   0x00015a0e       0x34 ./Core/Src/led_display.o
 .debug_macro   0x00015a42       0x10 ./Core/Src/led_display.o
 .debug_macro   0x00015a52       0x58 ./Core/Src/led_display.o
 .debug_macro   0x00015aaa       0x8e ./Core/Src/led_display.o
 .debug_macro   0x00015b38       0x1c ./Core/Src/led_display.o
 .debug_macro   0x00015b54      0x177 ./Core/Src/led_display.o
 .debug_macro   0x00015ccb      0x369 ./Core/Src/led_display.o
 .debug_macro   0x00016034      0x19b ./Core/Src/led_display.o
 .debug_macro   0x000161cf      0x1cd ./Core/Src/main.o
 .debug_macro   0x0001639c      0x1a6 ./Core/Src/stm32f1xx_hal_msp.o
 .debug_macro   0x00016542      0x1b0 ./Core/Src/stm32f1xx_it.o
 .debug_macro   0x000166f2      0x197 ./Core/Src/system_stm32f1xx.o
 .debug_macro   0x00016889      0x1cf ./Core/Src/timer.o
 .debug_macro   0x00016a58      0x1bb ./Drivers/STM32F1xx_HAL_Driver/Src/stm32f1xx_hal.o
 .debug_macro   0x00016c13      0x197 ./Drivers/STM32F1xx_HAL_Driver/Src/stm32f1xx_hal_cortex.o
 .debug_macro   0x00016daa      0x202 ./Drivers/STM32F1xx_HAL_Driver/Src/stm32f1xx_hal_gpio.o
 .debug_macro   0x00016fac      0x1a9 ./Drivers/STM32F1xx_HAL_Driver/Src/stm32f1xx_hal_rcc.o
 .debug_macro   0x00017155      0x198 ./Drivers/STM32F1xx_HAL_Driver/Src/stm32f1xx_hal_tim.o
 .debug_macro   0x000172ed      0x197 ./Drivers/STM32F1xx_HAL_Driver/Src/stm32f1xx_hal_tim_ex.o

.debug_line     0x00000000     0xbe84
 .debug_line    0x00000000      0x8c0 ./Core/Src/input_processing.o
 .debug_line    0x000008c0      0x79b ./Core/Src/input_reading.o
 .debug_line    0x0000105b      0xb89 ./Core/Src/led_display.o
 .debug_line    0x00001be4      0x849 ./Core/Src/main.o
 .debug_line    0x0000242d      0x728 ./Core/Src/stm32f1xx_hal_msp.o
 .debug_line    0x00002b55      0x7c7 ./Core/Src/stm32f1xx_it.o
 .debug_line    0x0000331c      0x76b ./Core/Src/system_stm32f1xx.o
 .debug_line    0x00003a87      0x981 ./Core/Src/timer.o
 .debug_line    0x00004408       0x78 ./Core/Startup/startup_stm32f103c6tx.o
 .debug_line    0x00004480      0x998 ./Drivers/STM32F1xx_HAL_Driver/Src/stm32f1xx_hal.o
 .debug_line    0x00004e18      0xb84 ./Drivers/STM32F1xx_HAL_Driver/Src/stm32f1xx_hal_cortex.o
 .debug_line    0x0000599c      0xa1c ./Drivers/STM32F1xx_HAL_Driver/Src/stm32f1xx_hal_gpio.o
 .debug_line    0x000063b8      0xda1 ./Drivers/STM32F1xx_HAL_Driver/Src/stm32f1xx_hal_rcc.o
 .debug_line    0x00007159     0x3474 ./Drivers/STM32F1xx_HAL_Driver/Src/stm32f1xx_hal_tim.o
 .debug_line    0x0000a5cd     0x18b7 ./Drivers/STM32F1xx_HAL_Driver/Src/stm32f1xx_hal_tim_ex.o

.debug_str      0x00000000    0x86222
 .debug_str     0x00000000    0x7fb96 ./Core/Src/input_processing.o
                              0x7fec1 (size before relaxing)
 .debug_str     0x0007fb96      0x16f ./Core/Src/input_reading.o
                              0x7fe1a (size before relaxing)
 .debug_str     0x0007fd05     0x3a44 ./Core/Src/led_display.o
                              0x837b0 (size before relaxing)
 .debug_str     0x00083749      0x7b1 ./Core/Src/main.o
                              0x80599 (size before relaxing)
 .debug_str     0x00083efa      0x300 ./Core/Src/stm32f1xx_hal_msp.o
                              0x804d2 (size before relaxing)
 .debug_str     0x000841fa       0xec ./Core/Src/stm32f1xx_it.o
                              0x8020d (size before relaxing)
 .debug_str     0x000842e6       0x7e ./Core/Src/system_stm32f1xx.o
                              0x7f73f (size before relaxing)
 .debug_str     0x00084364       0xf4 ./Core/Src/timer.o
                              0x8036c (size before relaxing)
 .debug_str     0x00084458       0x44 ./Core/Startup/startup_stm32f103c6tx.o
                                 0x7b (size before relaxing)
 .debug_str     0x0008449c      0x384 ./Drivers/STM32F1xx_HAL_Driver/Src/stm32f1xx_hal.o
                              0x7fe38 (size before relaxing)
 .debug_str     0x00084820      0x294 ./Drivers/STM32F1xx_HAL_Driver/Src/stm32f1xx_hal_cortex.o
                              0x7fd84 (size before relaxing)
 .debug_str     0x00084ab4      0x2d2 ./Drivers/STM32F1xx_HAL_Driver/Src/stm32f1xx_hal_gpio.o
                              0x7fac5 (size before relaxing)
 .debug_str     0x00084d86      0x229 ./Drivers/STM32F1xx_HAL_Driver/Src/stm32f1xx_hal_rcc.o
                              0x7fb6e (size before relaxing)
 .debug_str     0x00084faf      0xde0 ./Drivers/STM32F1xx_HAL_Driver/Src/stm32f1xx_hal_tim.o
                              0x80b70 (size before relaxing)
 .debug_str     0x00085d8f      0x493 ./Drivers/STM32F1xx_HAL_Driver/Src/stm32f1xx_hal_tim_ex.o
                              0x8037c (size before relaxing)

.comment        0x00000000       0x43
 .comment       0x00000000       0x43 ./Core/Src/input_processing.o
                                 0x44 (size before relaxing)
 .comment       0x00000043       0x44 ./Core/Src/input_reading.o
 .comment       0x00000043       0x44 ./Core/Src/led_display.o
 .comment       0x00000043       0x44 ./Core/Src/main.o
 .comment       0x00000043       0x44 ./Core/Src/stm32f1xx_hal_msp.o
 .comment       0x00000043       0x44 ./Core/Src/stm32f1xx_it.o
 .comment       0x00000043       0x44 ./Core/Src/system_stm32f1xx.o
 .comment       0x00000043       0x44 ./Core/Src/timer.o
 .comment       0x00000043       0x44 ./Drivers/STM32F1xx_HAL_Driver/Src/stm32f1xx_hal.o
 .comment       0x00000043       0x44 ./Drivers/STM32F1xx_HAL_Driver/Src/stm32f1xx_hal_cortex.o
 .comment       0x00000043       0x44 ./Drivers/STM32F1xx_HAL_Driver/Src/stm32f1xx_hal_gpio.o
 .comment       0x00000043       0x44 ./Drivers/STM32F1xx_HAL_Driver/Src/stm32f1xx_hal_rcc.o
 .comment       0x00000043       0x44 ./Drivers/STM32F1xx_HAL_Driver/Src/stm32f1xx_hal_tim.o
 .comment       0x00000043       0x44 ./Drivers/STM32F1xx_HAL_Driver/Src/stm32f1xx_hal_tim_ex.o

.debug_frame    0x00000000     0x2c2c
 .debug_frame   0x00000000       0x78 ./Core/Src/input_processing.o
 .debug_frame   0x00000078       0xa8 ./Core/Src/input_reading.o
 .debug_frame   0x00000120      0x17c ./Core/Src/led_display.o
 .debug_frame   0x0000029c       0xcc ./Core/Src/main.o
 .debug_frame   0x00000368       0x80 ./Core/Src/stm32f1xx_hal_msp.o
 .debug_frame   0x000003e8      0x120 ./Core/Src/stm32f1xx_it.o
 .debug_frame   0x00000508       0x58 ./Core/Src/system_stm32f1xx.o
 .debug_frame   0x00000560      0x304 ./Core/Src/timer.o
 .debug_frame   0x00000864      0x334 ./Drivers/STM32F1xx_HAL_Driver/Src/stm32f1xx_hal.o
 .debug_frame   0x00000b98      0x428 ./Drivers/STM32F1xx_HAL_Driver/Src/stm32f1xx_hal_cortex.o
 .debug_frame   0x00000fc0      0x14c ./Drivers/STM32F1xx_HAL_Driver/Src/stm32f1xx_hal_gpio.o
 .debug_frame   0x0000110c      0x218 ./Drivers/STM32F1xx_HAL_Driver/Src/stm32f1xx_hal_rcc.o
 .debug_frame   0x00001324     0x11b4 ./Drivers/STM32F1xx_HAL_Driver/Src/stm32f1xx_hal_tim.o
 .debug_frame   0x000024d8      0x638 ./Drivers/STM32F1xx_HAL_Driver/Src/stm32f1xx_hal_tim_ex.o
 .debug_frame   0x00002b10       0x20 C:/ST/STM32CubeIDE_1.15.1/STM32CubeIDE/plugins/com.st.stm32cube.ide.mcu.externaltools.gnu-tools-for-stm32.12.3.rel1.win32_1.0.100.202403111256/tools/bin/../lib/gcc/arm-none-eabi/12.3.1/../../../../arm-none-eabi/lib/thumb/v7-m/nofp\libc_nano.a(libc_a-memset.o)
 .debug_frame   0x00002b30       0x2c C:/ST/STM32CubeIDE_1.15.1/STM32CubeIDE/plugins/com.st.stm32cube.ide.mcu.externaltools.gnu-tools-for-stm32.12.3.rel1.win32_1.0.100.202403111256/tools/bin/../lib/gcc/arm-none-eabi/12.3.1/../../../../arm-none-eabi/lib/thumb/v7-m/nofp\libc_nano.a(libc_a-init.o)
 .debug_frame   0x00002b5c       0xac C:/ST/STM32CubeIDE_1.15.1/STM32CubeIDE/plugins/com.st.stm32cube.ide.mcu.externaltools.gnu-tools-for-stm32.12.3.rel1.win32_1.0.100.202403111256/tools/bin/../lib/gcc/arm-none-eabi/12.3.1/thumb/v7-m/nofp\libgcc.a(_arm_addsubdf3.o)
 .debug_frame   0x00002c08       0x24 C:/ST/STM32CubeIDE_1.15.1/STM32CubeIDE/plugins/com.st.stm32cube.ide.mcu.externaltools.gnu-tools-for-stm32.12.3.rel1.win32_1.0.100.202403111256/tools/bin/../lib/gcc/arm-none-eabi/12.3.1/thumb/v7-m/nofp\libgcc.a(_arm_fixdfsi.o)

.debug_line_str
                0x00000000       0x5f
 .debug_line_str
                0x00000000       0x5f ./Core/Startup/startup_stm32f103c6tx.o
