../Core/Src/led_display.c:24:6:trafficInit	8	static
../Core/Src/led_display.c:32:6:trafficAllOff	16	static
../Core/Src/led_display.c:40:6:trafficSetRoad	24	static
../Core/Src/led_display.c:47:6:trafficModifyMode	24	static
../Core/Src/led_display.c:58:6:displayLED7SEG_MODE	32	static
../Core/Src/led_display.c:74:6:displayLED7SEG_LR	40	static
../Core/Src/led_display.c:106:6:displayLED7SEG_TB	40	static
../Core/Src/led_display.c:135:6:trafficDisplay	8	static
../Core/Src/led_display.c:163:6:displaySegLed	8	static
../Core/Src/led_display.c:168:6:trafficProcessing	8	static
../Core/Src/led_display.c:215:6:blinkLed	16	static
