../Core/Src/led_display.c:24:6:trafficInit	8	static
../Core/Src/led_display.c:35:6:trafficAllOff	16	static
../Core/Src/led_display.c:43:6:trafficSetRoad	24	static
../Core/Src/led_display.c:50:6:trafficModifyMode	24	static
../Core/Src/led_display.c:61:6:displayLED7SEG_MODE	32	static
../Core/Src/led_display.c:77:6:displayLED7SEG_LR	40	static
../Core/Src/led_display.c:107:6:displayLED7SEG_TB	40	static
../Core/Src/led_display.c:136:6:trafficDisplay	8	static
../Core/Src/led_display.c:164:6:displaySegLed	8	static
../Core/Src/led_display.c:169:6:trafficProcessing	8	static
../Core/Src/led_display.c:216:6:blinkLed	16	static
