../Core/Src/main.c:79:6:Init_UART	8	static
../Core/Src/main.c:83:6:rb_put	24	static
../Core/Src/main.c:90:5:rb_get	16	static
../Core/Src/main.c:97:6:command_parser_fsm	16	static
../Core/Src/main.c:134:6:update_ADC_value	8	static
../Core/Src/main.c:142:6:uart_communication_fsm	56	static
../Core/Src/main.c:177:6:HAL_UART_RxCpltCallback	16	static
../Core/Src/main.c:195:5:main	8	static
../Core/Src/main.c:247:6:SystemClock_Config	88	static
../Core/Src/main.c:291:13:MX_ADC1_Init	24	static
../Core/Src/main.c:338:13:MX_TIM2_Init	32	static
../Core/Src/main.c:383:13:MX_USART2_UART_Init	8	static
../Core/Src/main.c:416:13:MX_GPIO_Init	32	static
../Core/Src/main.c:447:6:Error_Handler	4	static,ignoring_inline_asm
