../Core/Src/main.c:77:6:Init_UART	8	static
../Core/Src/main.c:81:6:rb_put	24	static
../Core/Src/main.c:88:5:rb_get	16	static
../Core/Src/main.c:95:6:command_parser_fsm	16	static
../Core/Src/main.c:130:6:update_ADC_value	8	static
../Core/Src/main.c:138:6:uart_communication_fsm	56	static
../Core/Src/main.c:173:6:HAL_UART_RxCpltCallback	16	static
../Core/Src/main.c:190:5:main	8	static
../Core/Src/main.c:239:6:SystemClock_Config	88	static
../Core/Src/main.c:283:13:MX_ADC1_Init	24	static
../Core/Src/main.c:330:13:MX_TIM2_Init	32	static
../Core/Src/main.c:375:13:MX_USART2_UART_Init	8	static
../Core/Src/main.c:408:13:MX_GPIO_Init	32	static
../Core/Src/main.c:439:6:Error_Handler	4	static,ignoring_inline_asm
