../Core/Src/timer.c:31:6:setTimer	16	static
../Core/Src/timer.c:37:6:timerRun	16	static
../Core/Src/timer.c:47:6:modifyRun	4	static
../Core/Src/timer.c:55:6:setDurationRed	16	static
../Core/Src/timer.c:57:6:setDurationAmber	16	static
../Core/Src/timer.c:59:6:setDurationGreen	16	static
../Core/Src/timer.c:61:6:setFlagNormalMode	16	static
../Core/Src/timer.c:63:6:setFlagModifyMode	16	static
../Core/Src/timer.c:65:6:setTimerFlag	16	static
../Core/Src/timer.c:67:6:resetBlinkFlag	4	static
../Core/Src/timer.c:70:5:getDurationRed	4	static
../Core/Src/timer.c:72:5:getDurationAmber	4	static
../Core/Src/timer.c:74:5:getDurationGreen	4	static
../Core/Src/timer.c:76:5:getTimerFlag	16	static
../Core/Src/timer.c:78:5:getBlinkFlag	4	static
../Core/Src/timer.c:80:5:getTimer	16	static
../Core/Src/timer.c:82:6:initTimer	8	static
../Core/Src/timer.c:88:6:calLed	16	static
../Core/Src/timer.c:97:6:resetTimerAndFlag	8	static
../Core/Src/timer.c:103:6:initFlag	4	static
../Core/Src/timer.c:108:6:HAL_TIM_PeriodElapsedCallback	16	static
